[[0;32m  OK  [0m] Closed Load/Save RF Kill Switch Status /dev/rfkill Watch.
         Stopping Session 3 of user vagrant.
         Stopping User Manager for UID 1000...
         Stopping ACPI event daemon...
         Stopping Authenticate and Authorize Users to Run Privileged Tasks...
[[0;32m  OK  [0m] Stopped target Timers.
[[0;32m  OK  [0m] Stopped Ubuntu Advantage update messaging.
[[0;32m  OK  [0m] Stopped Message of the Day.
[[0;32m  OK  [0m] Stopped Daily apt upgrade and clean activities.
[[0;32m  OK  [0m] Stopped Daily Cleanup of Temporary Directories.
         Stopping Session 8 of user vagrant.
[[0;32m  OK  [0m] Stopped Daily apt download activities.
[[0;32m  OK  [0m] Stopped target System Time Synchronized.
[[0;32m  OK  [0m] Stopped target Graphical Interface.
         Stopping Accounts Service...
[[0;32m  OK  [0m] Stopped target Cloud-init target.
[[0;32m  OK  [0m] Stopped Execute cloud user/final scripts.
[[0;32m  OK  [0m] Stopped Apply the settings specified in cloud-config.
[[0;32m  OK  [0m] Stopped target Cloud-config availability.
[[0;32m  OK  [0m] Stopped target Multi-User System.
         Stopping Deferred execution scheduler...
         Stopping Unattended Upgrades Shutdown...
         Stopping Regular background program processing daemon...
         Stopping OpenBSD Secure Shell server...
         Stopping LSB: automatic crash report generation...
         Stopping LSB: daemon to balance interrupts for SMP systems...
         Stopping FUSE filesystem for LXC...
         Stopping LXD - container startup/shutdown...
         Stopping System Logging Service...
         Stopping LSB: Set the CPU Frequency Scaling governor to "ondemand"...
         Stopping LSB: Apache2 web server...
         Stopping LSB: MD monitoring daemon...
         Stopping Virtualbox guest utils...
[[0;32m  OK  [0m] Stopped Wait until snapd is fully seeded.
         Stopping LSB: Record successful boot for GRUB...
[[0;32m  OK  [0m] Stopped target Login Prompts.
         Stopping Getty on tty1...
         Stopping Serial Getty [[0;32m  OK  [0m] Stopped ACPI event daemon.
[[0;32m  OK  [0m] Stopped Accounts Service.
[[0;32m  OK  [0m] Stopped Regular background program processing daemon.
[[0;32m  OK  [0m] Stopped System Logging Service.
[[0;32m  OK  [0m] Stopped Deferred execution scheduler.
[[0;32m  OK  [0m] Stopped Authenticate and Authorize Users to Run Privileged Tasks.
[[0;32m  OK  [0m] Stopped Serial Getty on ttyS0.
[[0;32m  OK  [0m] Stopped Unattended Upgrades Shutdown.
[[0;32m  OK  [0m] Stopped Getty on tty1.
[[0;32m  OK  [0m] Stopped OpenBSD Secure Shell server.
[[0;32m  OK  [0m] Stopped User Manager for UID 1000.
[[0;32m  OK  [0m] Stopped Session 3 of user vagrant.
[[0;32m  OK  [0m] Stopped D-Bus System Message Bus.
[[0;32m  OK  [0m] Stopped FUSE filesystem for LXC.
[[0;32m  OK  [0m] Unmounted /var/lib/lxcfs.
[[0;32m  OK  [0m] Stopped LXD - container startup/shutdown.
[[0;32m  OK  [0m] Stopped LSB: MD monitoring daemon.
[[0;32m  OK  [0m] Stopped LSB: Record successful boot for GRUB.
[[0;32m  OK  [0m] Stopped LSB: automatic crash report generation.
[[0;32m  OK  [0m] Stopped LSB: daemon to balance interrupts for SMP systems.
[[0;32m  OK  [0m] Stopped Virtualbox guest utils.
[[0;32m  OK  [0m] Removed slice system-getty.slice.
[[0;32m  OK  [0m] Removed slice system-serial\x2dgetty.slice.
[[0;32m  OK  [0m] Stopped /etc/rc.local Compatibility.
[[0;32m  OK  [0m] Stopped LSB: Set the CPU Frequency Scaling governor to "ondemand".
[[0;32m  OK  [0m] Stopped Session 8 of user vagrant.
[[0;32m  OK  [0m] Removed slice User Slice of vagrant.
         Stopping Permit User Sessions...
         Stopping Login Service...
[[0;32m  OK  [0m] Stopped Permit User Sessions.
[[0;32m  OK  [0m] Stopped Login Service.
[[0;32m  OK  [0m] Stopped target User and Group Name Lookups.
[[0;32m  OK  [0m] Stopped LSB: Apache2 web server.
[[0;32m  OK  [0m] Stopped target Basic System.
[[0;32m  OK  [0m] Stopped target Slices.
[[0;32m  OK  [0m] Removed slice User and Session Slice.
[[0;32m  OK  [0m] Stopped target Sockets.
[[0;32m  OK  [0m] Closed D-Bus System Message Bus Socket.
[[0;32m  OK  [0m] Closed Syslog Socket.
[[0;32m  OK  [0m] Closed ACPID Listen Socket.
[[0;32m  OK  [0m] Closed LXD - unix socket.
[[0;32m  OK  [0m] Closed UUID daemon activation socket.
[[0;32m  OK  [0m] Closed Socket activation for snappy daemon.
[[0;32m  OK  [0m] Stopped target Paths.
[[0;32m  OK  [0m] Stopped Dispatch Password Requests to Console Directory Watch.
[[0;32m  OK  [0m] Stopped Forward Password Requests to Wall Directory Watch.
[[0;32m  OK  [0m] Stopped ACPI Events Check.
[[0;32m  OK  [0m] Stopped target System Initialization.
         Stopping Load/Save Random Seed...
[[0;32m  OK  [0m] Stopped target Encrypted Volumes.
         Stopping Update UTMP about System Boot/Shutdown...
[[0;32m  OK  [0m] Stopped Commit a transient machine-id on disk.
[[0;32m  OK  [0m] Stopped target Swap.
[[0;32m  OK  [0m] Stopped target Remote File Systems.
         Unmounting /vagrant...
[[0;32m  OK  [0m] Stopped Load/Save Random Seed.
[[0;32m  OK  [0m] Stopped Update UTMP about System Boot/Shutdown.
[[0;32m  OK  [0m] Stopped Create Volatile Files and Directories.
[[0;32m  OK  [0m] Unmounted /vagrant.
[[0;32m  OK  [0m] Stopped target Remote File Systems (Pre).
         Stopping Login to default iSCSI targets...
[[0;32m  OK  [0m] Stopped Login to default iSCSI targets.
         Stopping iSCSI initiator daemon (iscsid)...
[[0;32m  OK  [0m] Stopped iSCSI initiator daemon (iscsid).
[[0;32m  OK  [0m] Stopped target Network is Online.
[[0;32m  OK  [0m] Stopped target Network.
[[0;32m  OK  [0m] Stopped Initial cloud-init job (metadata service crawler).
         Stopping Raise network interfaces...
[[0;32m  OK  [0m] Stopped Raise network interfaces.
[[0;32m  OK  [0m] Stopped target Local File Systems.
         Unmounting /run/user/1000...
[[0;32m  OK  [0m] Stopped Apply Kernel Variables.
[[0;32m  OK  [0m] Stopped Load Kernel Modules.
[[0;32m  OK  [0m] Stopped target Network (Pre).
[[0;32m  OK  [0m] Stopped Initial cloud-init job (pre-networking).
[[0;32m  OK  [0m] Unmounted /run/user/1000.
[[0;32m  OK  [0m] Reached target Unmount All Filesystems.
[[0;32m  OK  [0m] Stopped target Local File Systems (Pre).
[[0;32m  OK  [0m] Stopped Create Static Device Nodes in /dev.
         Stopping Monitoring of LVM2 mirrors... dmeventd or progress polling...
[[0;32m  OK  [0m] Stopped Remount Root and Kernel File Systems.
[[0;32m  OK  [0m] Reached target Shutdown.
[ 8088.774264] reboot: Restarting system
[    0.000000] Initializing cgroup subsys cpuset
[    0.000000] Initializing cgroup subsys cpu
[    0.000000] Initializing cgroup subsys cpuacct
[    0.000000] Linux version 4.4.0-210-generic (buildd@lgw01-amd64-009) (gcc version 5.4.0 20160609 (Ubuntu 5.4.0-6ubuntu1~16.04.12) ) #242-Ubuntu SMP Fri Apr 16 09:57:56 UTC 2021 (Ubuntu 4.4.0-210.242-generic 4.4.262)
[    0.000000] Command line: BOOT_IMAGE=/boot/vmlinuz-4.4.0-210-generic root=LABEL=cloudimg-rootfs ro console=tty1 console=ttyS0
[    0.000000] KERNEL supported cpus:
[    0.000000]   Intel GenuineIntel
[    0.000000]   AMD AuthenticAMD
[    0.000000]   Centaur CentaurHauls
[    0.000000] x86/fpu: Legacy x87 FPU detected.
[    0.000000] e820: BIOS-provided physical RAM map:
[    0.000000] BIOS-e820: [mem 0x0000000000000000-0x000000000009fbff] usable
[    0.000000] BIOS-e820: [mem 0x000000000009fc00-0x000000000009ffff] reserved
[    0.000000] BIOS-e820: [mem 0x00000000000f0000-0x00000000000fffff] reserved
[    0.000000] BIOS-e820: [mem 0x0000000000100000-0x000000003ffeffff] usable
[    0.000000] BIOS-e820: [mem 0x000000003fff0000-0x000000003fffffff] ACPI data
[    0.000000] BIOS-e820: [mem 0x00000000fec00000-0x00000000fec00fff] reserved
[    0.000000] BIOS-e820: [mem 0x00000000fee00000-0x00000000fee00fff] reserved
[    0.000000] BIOS-e820: [mem 0x00000000fffc0000-0x00000000ffffffff] reserved
[    0.000000] NX (Execute Disable) protection: active
[    0.000000] SMBIOS 2.5 present.
[    0.000000] Hypervisor detected: KVM
[    0.000000] Kernel/User page tables isolation: disabled
[    0.000000] e820: last_pfn = 0x3fff0 max_arch_pfn = 0x400000000
[    0.000000] MTRR: Disabled
[    0.000000] x86/PAT: MTRRs disabled, skipping PAT initialization too.
[    0.000000] CPU MTRRs all blank - virtualized system.
[    0.000000] x86/PAT: Configuration [0-7]: WB  WT  UC- UC  WB  WT  UC- UC  
[    0.000000] found SMP MP-table at [mem 0x0009fff0-0x0009ffff] mapped at [ffff88000009fff0]
[    0.000000] Scanning 1 areas for low memory corruption
[    0.000000] RAMDISK: [mem 0x362dc000-0x37165fff]
[    0.000000] ACPI: Early table checksum verification disabled
[    0.000000] ACPI: RSDP 0x00000000000E0000 000024 (v02 VBOX  )
[    0.000000] ACPI: XSDT 0x000000003FFF0030 00003C (v01 VBOX   VBOXXSDT 00000001 ASL  00000061)
[    0.000000] ACPI: FACP 0x000000003FFF00F0 0000F4 (v04 VBOX   VBOXFACP 00000001 ASL  00000061)
[    0.000000] ACPI: DSDT 0x000000003FFF0610 002353 (v02 VBOX   VBOXBIOS 00000002 INTL 20100528)
[    0.000000] ACPI: FACS 0x000000003FFF0200 000040
[    0.000000] ACPI: FACS 0x000000003FFF0200 000040
[    0.000000] ACPI: APIC 0x000000003FFF0240 00005C (v02 VBOX   VBOXAPIC 00000001 ASL  00000061)
[    0.000000] ACPI: SSDT 0x000000003FFF02A0 00036C (v01 VBOX   VBOXCPUT 00000002 INTL 20100528)
[    0.000000] No NUMA configuration found
[    0.000000] Faking a node at [mem 0x0000000000000000-0x000000003ffeffff]
[    0.000000] NODE_DATA(0) allocated [mem 0x3ffeb000-0x3ffeffff]
[    0.000000] kvm-clock: Using msrs 4b564d01 and 4b564d00
[    0.000000] kvm-clock: cpu 0, msr 0:3ffe3001, primary cpu clock
[    0.000000] kvm-clock: using sched offset of 8096450097231 cycles
[    0.000000] clocksource: kvm-clock: mask: 0xffffffffffffffff max_cycles: 0x1cd42e4dffb, max_idle_ns: 881590591483 ns
[    0.000000] Zone ranges:
[    0.000000]   DMA      [mem 0x0000000000001000-0x0000000000ffffff]
[    0.000000]   DMA32    [mem 0x0000000001000000-0x000000003ffeffff]
[    0.000000]   Normal   empty
[    0.000000]   Device   empty
[    0.000000] Movable zone start for each node
[    0.000000] Early memory node ranges
[    0.000000]   node   0: [mem 0x0000000000001000-0x000000000009efff]
[    0.000000]   node   0: [mem 0x0000000000100000-0x000000003ffeffff]
[    0.000000] Initmem setup node 0 [mem 0x0000000000001000-0x000000003ffeffff]
[    0.000000] ACPI: PM-Timer IO Port: 0x4008
[    0.000000] IOAPIC[0]: apic_id 2, version 32, address 0xfec00000, GSI 0-23
[    0.000000] ACPI: INT_SRC_OVR (bus 0 bus_irq 0 global_irq 2 dfl dfl)
[    0.000000] ACPI: INT_SRC_OVR (bus 0 bus_irq 9 global_irq 9 low level)
[    0.000000] Using ACPI (MADT) for SMP configuration information
[    0.000000] smpboot: Allowing 2 CPUs, 0 hotplug CPUs
[    0.000000] PM: Registered nosave memory: [mem 0x00000000-0x00000fff]
[    0.000000] PM: Registered nosave memory: [mem 0x0009f000-0x0009ffff]
[    0.000000] PM: Registered nosave memory: [mem 0x000a0000-0x000effff]
[    0.000000] PM: Registered nosave memory: [mem 0x000f0000-0x000fffff]
[    0.000000] e820: [mem 0x40000000-0xfebfffff] available for PCI devices
[    0.000000] Booting paravirtualized kernel on KVM
[    0.000000] clocksource: refined-jiffies: mask: 0xffffffff max_cycles: 0xffffffff, max_idle_ns: 7645519600211568 ns
[    0.000000] setup_percpu: NR_CPUS:512 nr_cpumask_bits:512 nr_cpu_ids:2 nr_node_ids:1
[    0.000000] PERCPU: Embedded 33 pages/cpu @ffff88003fc00000 s95192 r8192 d31784 u1048576
[    0.000000] Built 1 zonelists in Node order, mobility grouping on.  Total pages: 257912
[    0.000000] Policy zone: DMA32
[    0.000000] Kernel command line: BOOT_IMAGE=/boot/vmlinuz-4.4.0-210-generic root=LABEL=cloudimg-rootfs ro console=tty1 console=ttyS0
[    0.000000] PID hash table entries: 4096 (order: 3, 32768 bytes)
[    0.000000] Memory: 997792K/1048120K available (8644K kernel code, 1332K rwdata, 4044K rodata, 1492K init, 1164K bss, 50328K reserved, 0K cma-reserved)
[    0.000000] SLUB: HWalign=64, Order=0-3, MinObjects=0, CPUs=2, Nodes=1
[    0.000000] Hierarchical RCU implementation.
[    0.000000] 	Build-time adjustment of leaf fanout to 64.
[    0.000000] 	RCU restricting CPUs from NR_CPUS=512 to nr_cpu_ids=2.
[    0.000000] RCU: Adjusting geometry for rcu_fanout_leaf=64, nr_cpu_ids=2
[    0.000000] NR_IRQS:33024 nr_irqs:440 16
[    0.000000] Console: colour VGA+ 80x25
[    0.000000] console [tty1] enabled
[    0.000000] console [ttyS0] enabled
[    0.000000] tsc: Detected 1992.006 MHz processor
[    0.462402] Calibrating delay loop (skipped) preset value.. 3984.01 BogoMIPS (lpj=7968024)
[    0.472406] pid_max: default: 32768 minimum: 301
[    0.475944] ACPI: Core revision 20150930
[    0.479872] ACPI: 2 ACPI AML tables successfully acquired and loaded
[    0.485623] Security Framework initialized
[    0.489226] Yama: becoming mindful.
[    0.492307] AppArmor: AppArmor initialized
[    0.498899] Dentry cache hash table entries: 131072 (order: 8, 1048576 bytes)
[    0.509799] Inode-cache hash table entries: 65536 (order: 7, 524288 bytes)
[    0.517153] Mount-cache hash table entries: 2048 (order: 2, 16384 bytes)
[    0.522333] Mountpoint-cache hash table entries: 2048 (order: 2, 16384 bytes)
[    0.530705] Initializing cgroup subsys io
[    0.537042] Initializing cgroup subsys memory
[    0.540589] Initializing cgroup subsys devices
[    0.545896] Initializing cgroup subsys freezer
[    0.549812] Initializing cgroup subsys net_cls
[    0.553296] Initializing cgroup subsys perf_event
[    0.556715] Initializing cgroup subsys net_prio
[    0.562311] Initializing cgroup subsys hugetlb
[    0.566875] Initializing cgroup subsys pids
[    0.572726] mce: CPU supports 0 MCE banks
[    0.579328] Last level iTLB entries: 4KB 64, 2MB 8, 4MB 8
[    0.585176] Last level dTLB entries: 4KB 64, 2MB 0, 4MB 0, 1GB 4
[    0.591468] Spectre V1 : Mitigation: usercopy/swapgs barriers and __user pointer sanitization
[    0.603800] Spectre V2 : Mitigation: Enhanced IBRS
[    0.609417] Spectre V2 : Spectre v2 / SpectreRSB mitigation: Filling RSB on context switch
[    0.620467] Speculative Store Bypass: Vulnerable
[    0.627921] SRBDS: Mitigation: TSX disabled
[    0.662813] Freeing SMP alternatives memory: 36K
[    0.734469] ftrace: allocating 32380 entries in 127 pages
[    1.169567] smpboot: APIC(0) Converting physical 0 to logical package 0
[    1.176366] smpboot: Max logical packages: 1
[    1.191079] ..TIMER: vector=0x30 apic1=0 pin1=2 apic2=-1 pin2=-1
[    1.305049] smpboot: CPU0: Intel(R) Core(TM) i7-8565U CPU @ 1.80GHz (family: 0x6, model: 0x8e, stepping: 0xc)
[    1.315202] Performance Events: unsupported p6 CPU model 142 no PMU driver, software events only.
[    1.394200] KVM setup paravirtual spinlock
[    1.399344] x86: Booting SMP configuration:
[    1.404401] .... node  #0, CPUs:      #1
[    1.409537] kvm-clock: cpu 1, msr 0:3ffe3041, secondary cpu clock
[    1.420147] mce: CPU supports 0 MCE banks
[    1.425881] TSC synchronization [CPU#0 -> CPU#1]:
[    1.430172] Measured 357691 cycles TSC warp between CPUs, turning off TSC clock.
[    1.437611] tsc: Marking TSC unstable due to check_tsc_sync_source failed
[    0.481128] x86: Booted up 1 node, 2 CPUs
[    0.484003] smpboot: Total of 2 processors activated (7968.02 BogoMIPS)
[    0.492436] devtmpfs: initialized
[    0.497827] evm: security.selinux
[    0.500003] evm: security.SMACK64
[    0.502460] evm: security.SMACK64EXEC
[    0.504002] evm: security.SMACK64TRANSMUTE
[    0.508002] evm: security.SMACK64MMAP
[    0.510732] evm: security.ima
[    0.512004] evm: security.capability
[    0.516171] clocksource: jiffies: mask: 0xffffffff max_cycles: 0xffffffff, max_idle_ns: 7645041785100000 ns
[    0.520009] futex hash table entries: 512 (order: 3, 32768 bytes)
[    0.524148] pinctrl core: initialized pinctrl subsystem
[    0.528295] RTC time: 16:43:59, date: 03/06/23
[    0.532529] NET: Registered protocol family 16
[    0.548026] cpuidle: using governor ladder
[    0.568030] cpuidle: using governor menu
[    0.572070] PCCT header not found.
[    0.576064] ACPI: bus type PCI registered
[    0.579987] acpiphp: ACPI Hot Plug PCI Controller Driver version: 0.5
[    0.580341] PCI: Using configuration type 1 for base access
[    0.600140] ACPI: Added _OSI(Module Device)
[    0.604003] ACPI: Added _OSI(Processor Device)
[    0.608002] ACPI: Added _OSI(3.0 _SCP Extensions)
[    0.612002] ACPI: Added _OSI(Processor Aggregator Device)
[    0.617408] ACPI: Executed 1 blocks of module-level executable AML code
[    0.628408] ACPI: Interpreter enabled
[    0.632011] ACPI: (supports S0 S5)
[    0.636004] ACPI: Using IOAPIC for interrupt routing
[    0.640274] PCI: Using host bridge windows from ACPI; if necessary, use "pci=nocrs" and report a bug
[    0.650761] ACPI: PCI Root Bridge [PCI0] (domain 0000 [bus 00-ff])
[    0.652008] acpi PNP0A03:00: _OSC: OS supports [ASPM ClockPM Segments MSI]
[    0.660135] acpi PNP0A03:00: _OSC: not requesting OS control; OS requires [ExtendedConfig ASPM ClockPM MSI]
[    0.664013] acpi PNP0A03:00: fail to add MMCONFIG information, can't access extended PCI configuration space under this bridge.
[    0.668558] PCI host bridge to bus 0000:00
[    0.672000] pci_bus 0000:00: root bus resource [io  0x0000-0x0cf7 window]
[    0.672004] pci_bus 0000:00: root bus resource [io  0x0d00-0xffff window]
[    0.676004] pci_bus 0000:00: root bus resource [mem 0x000a0000-0x000bffff window]
[    0.680003] pci_bus 0000:00: root bus resource [mem 0x40000000-0xfdffffff window]
[    0.684006] pci_bus 0000:00: root bus resource [bus 00-ff]
[    0.693855] pci 0000:00:01.1: legacy IDE quirk: reg 0x10: [io  0x01f0-0x01f7]
[    0.696003] pci 0000:00:01.1: legacy IDE quirk: reg 0x14: [io  0x03f6]
[    0.700005] pci 0000:00:01.1: legacy IDE quirk: reg 0x18: [io  0x0170-0x0177]
[    0.704003] pci 0000:00:01.1: legacy IDE quirk: reg 0x1c: [io  0x0376]
[    0.726390] pci 0000:00:07.0: quirk: [io  0x4000-0x403f] claimed by PIIX4 ACPI
[    0.728038] pci 0000:00:07.0: quirk: [io  0x4100-0x410f] claimed by PIIX4 SMB
[    0.739551] ACPI: PCI Interrupt Link [LNKA] (IRQs 5 9 10 *11)
[    0.744651] ACPI: PCI Interrupt Link [LNKB] (IRQs 5 9 *10 11)
[    0.752208] ACPI: PCI Interrupt Link [LNKC] (IRQs 5 *9 10 11)
[    0.759053] ACPI: PCI Interrupt Link [LNKD] (IRQs 5 9 10 *11)
[    0.764205] ACPI: Enabled 2 GPEs in block 00 to 07
[    0.768132] vgaarb: setting as boot device: PCI:0000:00:02.0
[    0.772000] vgaarb: device added: PCI:0000:00:02.0,decodes=io+mem,owns=io+mem,locks=none
[    0.772007] vgaarb: loaded
[    0.776000] vgaarb: bridge control possible 0000:00:02.0
[    0.776491] SCSI subsystem initialized
[    0.780124] ACPI: bus type USB registered
[    0.784022] usbcore: registered new interface driver usbfs
[    0.788032] usbcore: registered new interface driver hub
[    0.792022] usbcore: registered new device driver usb
[    0.796164] PCI: Using ACPI for IRQ routing
[    0.801244] NetLabel: Initializing
[    0.804004] NetLabel:  domain hash size = 128
[    0.808004] NetLabel:  protocols = UNLABELED CIPSOv4
[    0.812016] NetLabel:  unlabeled traffic allowed by default
[    0.816137] amd_nb: Cannot enumerate AMD northbridges
[    0.820287] clocksource: Switched to clocksource kvm-clock
[    0.832397] AppArmor: AppArmor Filesystem Enabled
[    0.832397] pnp: PnP ACPI init
[    0.832397] pnp: PnP ACPI: found 3 devices
[    0.897353] clocksource: acpi_pm: mask: 0xffffff max_cycles: 0xffffff, max_idle_ns: 2085701024 ns
[    0.900367] NET: Registered protocol family 2
[    0.912170] TCP established hash table entries: 8192 (order: 4, 65536 bytes)
[    0.918447] TCP bind hash table entries: 8192 (order: 5, 131072 bytes)
[    0.925340] TCP: Hash tables configured (established 8192 bind 8192)
[    0.928902] UDP hash table entries: 512 (order: 2, 16384 bytes)
[    0.928902] UDP-Lite hash table entries: 512 (order: 2, 16384 bytes)
[    0.928902] NET: Registered protocol family 1
[    0.928902] pci 0000:00:00.0: Limiting direct PCI/PCI transfers
[    0.928902] pci 0000:00:01.0: Activating ISA DMA hang workarounds
[    0.928902] Unpacking initramfs...
[    0.928902] Freeing initrd memory: 14888K
[    0.928902] clocksource: tsc: mask: 0xffffffffffffffff max_cycles: 0x396d5dac02a, max_idle_ns: 881590811122 ns
[    0.928902] platform rtc_cmos: registered platform RTC device (no PNP device found)
[    0.928902] Scanning for low memory corruption every 60 seconds
[    1.226771] audit: initializing netlink subsys (disabled)
[    1.231269] audit: type=2000 audit(1678721774.612:1): initialized
[    1.237619] Initialise system trusted keyring
[    1.242701] HugeTLB registered 2 MB page size, pre-allocated 0 pages
[    1.250934] zbud: loaded
[    1.254445] VFS: Disk quotas dquot_6.6.0
[    1.258035] VFS: Dquot-cache hash table entries: 512 (order 0, 4096 bytes)
[    1.264268] squashfs: version 4.0 (2009/01/31) Phillip Lougher
[    1.270127] fuse init (API version 7.23)
[    1.275261] Key type big_key registered
[    1.280213] Allocating IMA MOK and blacklist keyrings.
[    1.297270] Key type asymmetric registered
[    1.301507] Asymmetric key parser 'x509' registered
[    1.305144] Block layer SCSI generic (bsg) driver version 0.4 loaded (major 249)
[    1.312484] io scheduler noop registered
[    1.317661] io scheduler deadline registered (default)
[    1.321706] io scheduler cfq registered
[    1.325072] pci_hotplug: PCI Hot Plug PCI Core version: 0.5
[    1.329825] pciehp: PCI Express Hot Plug Controller Driver version: 0.4
[    1.336969] ACPI: AC Adapter [AC] (on-line)
[    1.340795] input: Power Button as /devices/LNXSYSTM:00/LNXPWRBN:00/input/input0
[    1.348666] ACPI: Power Button [PWRF]
[    1.353442] input: Sleep Button as /devices/LNXSYSTM:00/LNXSLPBN:00/input/input1
[    1.360977] ACPI: Sleep Button [SLPF]
[    1.364803] GHES: HEST is not enabled!
[    1.366593] ACPI: Battery Slot [BAT0] (battery present)
[    1.373884] Serial: 8250/16550 driver, 32 ports, IRQ sharing enabled
[    1.403114] 00:02: ttyS0 at I/O 0x3f8 (irq = 4, base_baud = 115200) is a 16550A
[    1.425843] Linux agpgart interface v0.103
[    1.440679] loop: module loaded
[    1.445981] scsi host0: ata_piix
[    1.451493] scsi host1: ata_piix
[    1.455912] ata1: PATA max UDMA/33 cmd 0x1f0 ctl 0x3f6 bmdma 0xd000 irq 14
[    1.461515] ata2: PATA max UDMA/33 cmd 0x170 ctl 0x376 bmdma 0xd008 irq 15
[    1.467925] libphy: Fixed MDIO Bus: probed
[    1.473449] tun: Universal TUN/TAP device driver, 1.6
[    1.477267] tun: (C) 1999-2004 Max Krasnyansky <maxk@qualcomm.com>
[    1.485529] PPP generic driver version 2.4.2
[    1.492245] ehci_hcd: USB 2.0 'Enhanced' Host Controller (EHCI) Driver
[    1.499772] ehci-pci: EHCI PCI platform driver
[    1.503494] ehci-platform: EHCI generic platform driver
[    1.508459] ohci_hcd: USB 1.1 'Open' Host Controller (OHCI) Driver
[    1.514329] ohci-pci: OHCI PCI platform driver
[    1.518678] ohci-platform: OHCI generic platform driver
[    1.524053] uhci_hcd: USB Universal Host Controller Interface driver
[    1.528724] i8042: PNP: PS/2 Controller [PNP0303:PS2K,PNP0f03:PS2M] at 0x60,0x64 irq 1,12
[    1.538886] serio: i8042 KBD port at 0x60,0x64 irq 1
[    1.541448] serio: i8042 AUX port at 0x60,0x64 irq 12
[    1.549434] mousedev: PS/2 mouse device common for all mice
[    1.559656] rtc_cmos rtc_cmos: rtc core: registered rtc_cmos as rtc0
[    1.565489] input: AT Translated Set 2 keyboard as /devices/platform/i8042/serio0/input/input2
[    1.572661] rtc_cmos rtc_cmos: alarms up to one day, 114 bytes nvram
[    1.572675] i2c /dev entries driver
[    1.572782] device-mapper: uevent: version 1.0.3
[    1.572834] device-mapper: ioctl: 4.34.0-ioctl (2015-10-28) initialised: dm-devel@redhat.com
[    1.572852] ledtrig-cpu: registered to indicate activity on CPUs
[    1.576532] NET: Registered protocol family 10
[    1.576810] NET: Registered protocol family 17
[    1.576819] Key type dns_resolver registered
[    1.577252] registered taskstats version 1
[    1.577263] Loading compiled-in X.509 certificates
[    1.577877] Loaded X.509 cert 'Build time autogenerated kernel key: cf00e047681d67edb2720680708b7d9498083038'
[    1.577910] zswap: loaded using pool lzo/zbud
[    1.586740] Key type trusted registered
[    1.590343] Key type encrypted registered
[    1.590348] AppArmor: AppArmor sha1 policy hashing enabled
[    1.590350] ima: No TPM chip found, activating TPM-bypass!
[    1.590355] ima: Allocated hash algorithm: sha1
[    1.590366] evm: HMAC attrs: 0x1
[    1.591099]   Magic number: 15:811:741
[    1.591128] workqueue writeback: hash matches
[    1.598711] rtc_cmos rtc_cmos: setting system clock to 2023-03-06 16:44:00 UTC (1678121040)
[    1.598794] BIOS EDD facility v0.16 2004-Jun-25, 0 devices found
[    1.598794] EDD information not available.
[    1.695179] Freeing unused kernel memory: 1492K
[    1.712619] Write protecting the kernel read-only data: 14336k
[    1.730549] Freeing unused kernel memory: 1584K
[    1.737410] Freeing unused kernel memory: 52K
Loading, please wait...
starting version 229
[    1.766649] random: udevadm: uninitialized urandom read (16 bytes read, 9 bits of entropy available)
[    1.766834] random: systemd-udevd: uninitialized urandom read (16 bytes read, 9 bits of entropy available)
[    1.766879] random: systemd-udevd: uninitialized urandom read (16 bytes read, 9 bits of entropy available)
[    1.766887] random: systemd-udevd: uninitialized urandom read (16 bytes read, 9 bits of entropy available)
[    1.766896] random: systemd-udevd: uninitialized urandom read (16 bytes read, 9 bits of entropy available)
[    1.810694] random: udevadm: uninitialized urandom read (16 bytes read, 9 bits of entropy available)
[    1.825488] random: systemd-udevd: uninitialized urandom read (16 bytes read, 9 bits of entropy available)
[    1.828367] random: udevadm: uninitialized urandom read (16 bytes read, 9 bits of entropy available)
[    1.828398] random: udevadm: uninitialized urandom read (16 bytes read, 9 bits of entropy available)
[    1.828494] random: udevadm: uninitialized urandom read (16 bytes read, 9 bits of entropy available)
[    1.908711] e1000: Intel(R) PRO/1000 Network Driver - version 7.3.21-k8-NAPI
[    1.912149] e1000: Copyright (c) 1999-2006 Intel Corporation.
[    1.941596] Fusion MPT base driver 3.04.20
[    1.948265] Copyright (c) 1999-2008 LSI Corporation
[    1.991256] Fusion MPT SPI Host driver 3.04.20
[    1.998340] SSE version of gcm_enc/dec engaged.
[    2.202452] input: ImExPS/2 Generic Explorer Mouse as /devices/platform/i8042/serio1/input/input4
[    2.596990] e1000 0000:00:03.0 eth0: (PCI:33MHz:32-bit) 02:be:82:6b:cc:1d
[    2.604745] e1000 0000:00:03.0 eth0: Intel(R) PRO/1000 Network Connection
[    2.614962] mptbase: ioc0: Initiating bringup
[    2.615472] e1000 0000:00:03.0 enp0s3: renamed from eth0
[    2.711604] ioc0: LSI53C1030 A0: Capabilities={Initiator}
[    2.918744] scsi host2: ioc0: LSI53C1030 A0, FwRev=00000000h, Ports=1, MaxQ=256, IRQ=20
[    3.050356] scsi 2:0:0:0: Direct-Access     VBOX     HARDDISK         1.0  PQ: 0 ANSI: 5
[    3.061391] scsi target2:0:0: Beginning Domain Validation
[    3.076442] scsi target2:0:0: Domain Validation skipping write tests
[    3.080368] scsi target2:0:0: Ending Domain Validation
[    3.085601] scsi target2:0:0: asynchronous
[    3.093417] scsi 2:0:1:0: Direct-Access     VBOX     HARDDISK         1.0  PQ: 0 ANSI: 5
[    3.100797] scsi target2:0:1: Beginning Domain Validation
[    3.117077] scsi target2:0:1: Domain Validation skipping write tests
[    3.121001] scsi target2:0:1: Ending Domain Validation
[    3.127964] scsi target2:0:1: asynchronous
[    3.162861] sd 2:0:0:0: Attached scsi generic sg0 type 0
[    3.163439] sd 2:0:0:0: [sda] 83886080 512-byte logical blocks: (42.9 GB/40.0 GiB)
[    3.165100] sd 2:0:0:0: [sda] Write Protect is off
[    3.165941] sd 2:0:0:0: [sda] Incomplete mode parameter data
[    3.165943] sd 2:0:0:0: [sda] Assuming drive cache: write through
[    3.172761]  sda: sda1
[    3.176740] sd 2:0:0:0: [sda] Attached SCSI disk
[    3.203957] sd 2:0:1:0: Attached scsi generic sg1 type 0
[    3.204968] sd 2:0:1:0: [sdb] 20480 512-byte logical blocks: (10.5 MB/10.0 MiB)
[    3.206331] sd 2:0:1:0: [sdb] Write Protect is off
[    3.207110] sd 2:0:1:0: [sdb] Incomplete mode parameter data
[    3.207111] sd 2:0:1:0: [sdb] Assuming drive cache: write through
[    3.217333] sd 2:0:1:0: [sdb] Attached SCSI disk
Begin: Loading essential drivers ... [    4.855559] md: linear personality registered for level -1
[    4.866938] md: multipath personality registered for level -4
[    4.880346] md: raid0 personality registered for level 0
[    4.901953] md: raid1 personality registered for level 1
[    6.481990] raid6: sse2x1   gen() 192771 MB/s
[    8.480648] raid6: sse2x1   xor() 129385 MB/s
[   10.484741] raid6: sse2x2   gen() 274364 MB/s
[   10.561540] raid6: sse2x2   xor() 10692 MB/s
[   11.490144] raid6: sse2x4   gen() 274532 MB/s
[   11.570300] raid6: sse2x4   xor() 11500 MB/s
[   11.576640] raid6: using algorithm sse2x4 gen() 274532 MB/s
[   11.584047] raid6: .... xor() 11500 MB/s, rmw enabled
[   11.591676] raid6: using ssse3x2 recovery algorithm
[   11.599849] xor: measuring software checksum speed
[   11.644072]    prefetch64-sse: 22880.000 MB/sec
[   11.688216]    generic_sse: 22360.000 MB/sec
[   11.692914] xor: using function: prefetch64-sse (22880.000 MB/sec)
[   11.701485] async_tx: api initialized (async)
[   11.747922] md: raid6 personality registered for level 6
[   11.755529] md: raid5 personality registered for level 5
[   11.762455] md: raid4 personality registered for level 4
[   11.792271] md: raid10 personality registered for level 10
done.
Begin: Running /scripts/init-premount ... done.
Begin: Mounting root file system ... Begin: Running /scripts/local-top ... done.
Begin: Running /scripts/local-premount ... [   11.870204] Btrfs loaded
Scanning for Btrfs filesystems
done.
Warning: fsck not present, so skipping root file system
[   11.943112] EXT4-fs (sda1): mounted filesystem with ordered data mode. Opts: (null)
done.
Begin: Running /scripts/local-bottom ... done.
Begin: Running /scripts/init-bottom ... done.
[   12.189692] systemd[1]: systemd 229 running in system mode. (+PAM +AUDIT +SELINUX +IMA +APPARMOR +SMACK +SYSVINIT +UTMP +LIBCRYPTSETUP +GCRYPT +GNUTLS +ACL +XZ -LZ4 +SECCOMP +BLKID +ELFUTILS +KMOD -IDN)
[   12.209854] systemd[1]: Detected virtualization oracle.
[   12.217884] systemd[1]: Detected architecture x86-64.

Welcome to [1mUbuntu 16.04.7 LTS[0m!

[   12.236407] systemd[1]: Set hostname to <ubuntu-xenial>.
[   12.543176] systemd[1]: Listening on Device-mapper event daemon FIFOs.
[[0;32m  OK  [0m] Listening on Device-mapper event daemon FIFOs.
[   12.559023] systemd[1]: Listening on fsck to fsckd communication Socket.
[[0;32m  OK  [0m] Listening on fsck to fsckd communication Socket.
[   12.574081] systemd[1]: Reached target System Time Synchronized.
[[0;32m  OK  [0m] Reached target System Time Synchronized.
[   12.587856] systemd[1]: Listening on udev Kernel Socket.
[[0;32m  OK  [0m] Listening on udev Kernel Socket.
[   12.602046] systemd[1]: Listening on Syslog Socket.
[[0;32m  OK  [0m] Listening on Syslog Socket.
[   12.614999] systemd[1]: Reached target User and Group Name Lookups.
[[0;32m  OK  [0m] Reached target User and Group Name Lookups.
[   12.629403] systemd[1]: Listening on /dev/initctl Compatibility Named Pipe.
[[0;32m  OK  [0m] Listening on /dev/initctl Compatibility Named Pipe.
[   12.644378] systemd[1]: Set up automount Arbitrary Executable File Formats File System Automount Point.
[[0;32m  OK  [0m] Set up automount Arbitrary Executab...ats File System Automount Point.
[   12.662292] systemd[1]: Listening on Journal Socket (/dev/log).
[[0;32m  OK  [0m] Listening on Journal Socket (/dev/log).
[   12.676430] systemd[1]: Listening on Journal Audit Socket.
[[0;32m  OK  [0m] Listening on Journal Audit Socket.
[   12.690927] systemd[1]: Listening on LVM2 metadata daemon socket.
[[0;32m  OK  [0m] Listening on LVM2 metadata daemon socket.
[   12.705280] systemd[1]: Listening on Journal Socket.
[[0;32m  OK  [0m] Listening on Journal Socket.
[   12.719003] systemd[1]: Reached target Encrypted Volumes.
[[0;32m  OK  [0m] Reached target Encrypted Volumes.
[   12.732521] systemd[1]: Created slice System Slice.
[[0;32m  OK  [0m] Created slice System Slice.
[   12.756677] systemd[1]: Starting File System Check on Root Device...
         Starting File System Check on Root Device...
[   12.775228] systemd[1]: Starting Set console keymap...
         Starting Set console keymap...
[   12.793585] systemd[1]: Starting Nameserver information manager...
[   12.807259] random: nonblocking pool is initialized
         Starting Nameserver information manager...
[   12.838217] systemd[1]: Starting Monitoring of LVM2 mirrors, snapshots etc. using dmeventd or progress polling...
         Starting Monitoring of LVM2 mirrors... dmeventd or progress polling...
[   12.866149] systemd[1]: Starting Create list of required static device nodes for the current kernel...
         Starting Create list of required st... nodes for the current kernel...
[   12.892921] systemd[1]: Created slice system-serial\x2dgetty.slice.
[[0;32m  OK  [0m] Created slice system-serial\x2dgetty.slice.
[   12.933381] systemd[1]: Mounting Huge Pages File System...
         Mounting Huge Pages File System...
[   12.951068] systemd[1]: Mounting POSIX Message Queue File System...
         Mounting POSIX Message Queue File System...
[   12.977019] systemd[1]: Mounting Debug File System...
         Mounting Debug File System...
[   12.989899] systemd[1]: Starting Uncomplicated firewall...
         Starting Uncomplicated firewall...
[   13.009743] systemd[1]: Starting Load Kernel Modules...
         Starting Load Kernel Modules...
[   13.031681] systemd[1]: Reached target Swap.
[[0;32m  OK  [0m] Reached target Swap.
[   13.049683] systemd[1]: Listening on LVM2 poll daemon socket.
[   13.061744] Loading iSCSI transport class v2.0-870.
[[0;32m  OK  [0m] Listening on LVM2 poll daemon socket.
[   13.075476] ip_tables: (C) 2000-2006 Netfilter Core Team
[   13.075695] systemd[1]: Started Trigger resolvconf update for networkd DNS.
[[0;32m  OK  [0m] Started Trigger resolvconf update for networkd DNS.
[   13.110416] nf_conntrack version 0.5.0 (7936 buckets, 31744 max)
[   13.110609] iscsi: registered transport (tcp)
[   13.122343] systemd[1]: Starting Journal Service...
         Starting Journal Service...
[   13.135621] systemd[1]: Listening on udev Control Socket.
[[0;32m  OK  [0m] Listening on udev Control Socket.
[   13.147898] systemd[1]: Created slice User and Session Slice.
[[0;32m  OK  [0m] Created slice User and Session Slice.
[   13.166653] systemd[1]: Reached target Slices.
[[0;32m  OK  [0m] Reached target Slices.
[   13.193573] systemd[1]: Started Forward Password Requests to Wall Directory Watch.
[[0;32m  OK  [0m] Started Forward Password Requests to Wall Directory Watch.
[   13.230347] systemd[1]: Mounted Huge Pages File System.
[[0;32m  OK  [0m] Mounted Huge Pages File System.
[   13.243622] systemd[1]: Mounted POSIX Message Queue File System.
[[0;32m  OK  [0m] Mounted POSIX Message Queue File System.
[   13.264049] systemd[1]: Mounted Debug File System.
[   13.270484] ip6_tables: (C) 2000-2006 Netfilter Core Team
[[0;32m  OK  [0m] Mounted Debug File System.
[   13.285427] systemd[1]: Started Journal Service.
[[0;32m  OK  [0m] Started Journal Service.
[[0;32m  OK  [0m] Started File System Check on Root Device.
[[0;32m  OK  [0m] Started Set console keymap.
[   13.317485] iscsi: registered transport (iser)
[[0;32m  OK  [0m] Started Create list of required sta...ce nodes for the current kernel.
[[0;32m  OK  [0m] Started Load Kernel Modules.
[[0;32m  OK  [0m] Started Nameserver information manager.
[[0;32m  OK  [0m] Started LVM2 metadata daemon.
[[0;32m  OK  [0m] Started File System Check Daemon to report status.
         Starting Apply Kernel Variables...
         Mounting FUSE Control File System...
         Starting Create Static Device Nodes in /dev...
         Starting Remount Root and Kernel File Systems...
[[0;32m  OK  [0m] Mounted FUSE Control File System[   13.400317] EXT4-fs (sda1): re-mounted. Opts: (null)
.
[[0;32m  OK  [0m] Started Apply Kernel Variables.
[[0;32m  OK  [0m] Started Remount Root and Kernel File Systems.
[[0;32m  OK  [0m] Started Create Static Device Nodes in /dev.
         Starting udev Kernel Device Manager...
         Starting udev Coldplug all Devices...
         Starting Flush Journal to Persistent Storage...
         Starting Load/Save Random Seed...
[[0;32m  OK  [0m] Started Load/Save Random Seed.
[[0;32m  OK  [0m] Started Flush Journal to Persistent Storage.
[[0;32m  OK  [0m] Started udev Kernel Device Manager.
[[0;32m  OK  [0m] Started udev Coldplug all Devices.
[[0;32m  OK  [0m] Started Dispatch Password Requests to Console Directory Watch.
[[0;32m  OK  [0m] Started Uncomplicated firewall.
[[0;32m  OK  [0m] Started Monitoring of LVM2 mirrors,...ng dmeventd or progress polling.
[[0;32m  OK  [0m] Reached target Local File Systems (Pre).
[[0;32m  OK  [0m] Reached target Local File Systems.
         Starting Tell Plymouth To Write Out Runtime Data...
         Starting Create Volatile Files and Directories...
         Starting Set console font and keymap...
         Starting Initial cloud-init job (pre-networking)...
         Starting LSB: AppArmor initialization...
[[0;32m  OK  [0m] Started Tell Plymouth To Write Out Runtime Data.
[[0;32m  OK  [0m] Started Create Volatile Files and Directories.
         Starting Update UTMP about System Boot/Shutdown...
[[0;32m  OK  [0m] Started Update UTMP about System Boot/Shutdown.
[[0;32m  OK  [0m] Found device /dev/ttyS0.
[[0;32m  OK  [0m] Started LSB: AppArmor initialization.
         Starting Load AppArmor profiles managed internally by snapd...
[[0;32m  OK  [0m] Started Load AppArmor profiles managed internally by snapd.
[[0;32m  OK  [0m] Listening on Load/Save RF Kill Switch Status /dev/rfkill Watch.
[[0;32m  OK  [0m] Found device 82540EM Gigabit Ethern...r (PRO/1000 MT Desktop Adapter).
[   15.150128] cloud-init[562]: Cloud-init v. 21.1-19-gbad84ad4-0ubuntu1~16.04.2 running 'init-local' at Mon, 06 Mar 2023 16:44:13 +0000. Up 14.84 seconds.
[[0;32m  OK  [0m] Started Initial cloud-init job (pre-networking).
[[0;32m  OK  [0m] Reached target Network (Pre).
         Starting Raise network interfaces...
[[0;32m  OK  [0m] Started ifup for enp0s3.
[[0;32m  OK  [0m] Started Set console font and keymap.
[[0;32m  OK  [0m] Created slice system-getty.slice.
[[0;32m  OK  [0m] Started Raise network interfaces.
[[0;32m  OK  [0m] Reached target Network.
         Starting Initial cloud-init job (metadata service crawler)...
[   16.617063] cloud-init[1045]: Cloud-init v. 21.1-19-gbad84ad4-0ubuntu1~16.04.2 running 'init' at Mon, 06 Mar 2023 16:44:15 +0000. Up 16.37 seconds.
[   16.625274] cloud-init[1045]: ci-info: ++++++++++++++++++++++++++++++++++++++Net device info++++++++++++++++++++++++++++++++++++++
[   16.632987] cloud-init[1045]: ci-info: +--------+------+----------------------------+---------------+--------+-------------------+
[   16.640976] cloud-init[1045]: ci-info: | Device |  Up  |          Address           |      Mask     | Scope  |     Hw-Address    |
[   16.648923] [[0;32m  OK  [0m] Started Initial cloud-init job (metadata service crawler).
[[0;32m  OK  [0m] Reached target Network is Online.
cloud-init[1045]: ci-info: +--------+------+----------------------------+---------------+--------+-------------------+
[   16.660061] cloud-init[1045]: ci-info: | enp0s3 | True |         10.0.2.15          | 255.255.255.0 | global | 02:be:82:6b:cc:1d |         Starting iSCSI initiator daemon (iscsid)...
[[0;32m  OK  [0m] Reached target System Initialization.
[[0;32m  OK  [0m] Started Daily Cleanup of Temporary Directories.

[[0;32m  OK  [0m] Started Message of the Day.
         Starting LXD - unix socket.
[[0;32m  OK  [0m] Listening on D-Bus System Message Bus Socket.
[[0;32m  OK  [0m] Listening on ACPID Listen Socket.
[[0;32m  OK  [0m] Started Ubuntu Advantage update messaging.
[   16.683049] cloud-init[1045]: ci-info: | enp0s3 | True | fe80::be:82ff:fe6b:cc1d/64 |       .       |  link  | 02:be:82:6b:cc:1d |
[   16.697433] [[0;32m  OK  [0m] Started ACPI Events Check.
[[0;32m  OK  [0m] Reached target Paths.
         Starting Socket activation for snappy daemon.
[[0;32m  OK  [0m] Started Daily apt download activities.
[[0;32m  OK  [0m] Started Daily apt upgrade and clean activities.
[[0;32m  OK  [0m] Listening on UUID daemon activation socket.
[[0;32m  OK  [0m] Reached target Timers.
[[0;32m  OK  [0m] Reached target Cloud-config availability.
[[0;32m  OK  [0m] Listening on LXD - unix socket.
[[0;32m  OK  [0m] Listening on Socket activation for snappy daemon.
[[0;32m  OK  [0m] Reached target Sockets.
[[0;32m  OK  [0m] Reached target Basic System.
[[0;32m  OK  [0m] Started Deferred execution scheduler.
         Starting LXD - container startup/shutdown...
         Starting /etc/rc.local Compatibility...
         Starting LSB: MD monitoring daemon...
         Starting Virtualbox guest utils...
[[0;32m  OK  [0m] Started Regular background program processing daemon.
         Starting OpenBSD Secure Shell server...
         Starting LSB: Record successful boot for GRUB...
[[0;32m  OK  [0m] Started ACPI event daemon.
[[0;32m  OK  [0m] Started FUSE filesystem for LXC.
         Starting Login Service...
         Starting Accounts Service...
         Starting System Logging Service...
[[0;32m  OK  [0m] Started D-Bus System Message Bus.
cloud-init[1045]: ci-info: |   lo   | True |         127.0.0.1          |   255.0.0.0   |  host  |         .         |
[   16.816544] cloud-init[1045]: ci-info: |   lo   | True |          ::1/128           |       .       |  host  |         .         |
[   16.823458] cloud-init[1045]: ci-info: +--------+------+----------------------------+---------------+--------+-------------------+
[   16.839791] cloud-init[1045]: ci-info: +++++++++++++++++++++++++++Route IPv4 info++++++++++++++++++++++++++++
[   16.851177] cloud-init[1045]: ci-info: +-------+-------------+----------+---------------+-----------+-------+
[   16.883810] cloud-init[1045]: ci-info: | Route | Destination | Gateway  |    Genmask    | Interface | Flags |
[   16.904193] cloud-init[1045]: ci-info: +-------+-------------+----------+---------------+-----------+-------+
         Starting Snap Daemon...
[[0;32m  OK  [0m] Started System Logging Service.
[[0;32m  OK  [0m] Started /etc/rc.local Compatibility.
[   16.936025]          Starting Authenticate and Authorize Users to Run Privileged Tasks...
[[0;32m  OK  [0m] Started Login Service.
[[0;32m  OK  [0m] Started iSCSI initiator daemon (iscsid).
         Starting Login to default iSCSI targets...
[[0;32m  OK  [0m] Started Unattended Upgrades Shutdown.
cloud-init[1045]: ci-info: |   0   |   0.0.0.0   | 10.0.2.2 |    0.0.0.0    |   enp0s3  |   UG  |
[   17.016264] cloud-init[1045]: ci-info: |   1   |   10.0.2.0  | 0.0.0.0  | 255.255.255.0 |   enp0s3  |   U   |
[[0;32m  OK  [0m] Started OpenBSD Secure Shell server.
[   17.034152] cloud-init[1045]: ci-info: +-------+-------------+----------+---------------+-----------+-------+
[[0;32m  OK  [0m] Started LSB: Record successful boot for GRUB.
[[0;32m  OK  [0m] Started LSB: MD monitoring daemon.
[[0;32m  OK  [0m] Started Login to default iSCSI targets.
[[0;32m  OK  [0m] Reached target Remote File Systems (Pre).
[   17.098880] cloud-init[1045]: ci-info: +++++++++++++++++++Route IPv6 info+++++++++++++++++++
[   17.139494] cloud-init[1045]: ci-info: +-------+-------------+---------+-----------+-------+
         Mounting /vagrant...
[[0;32m  OK  [0m] Started LXD - container startup/shutdown.
[[0;32m  OK  [0m] Started Authenticate and Authorize Users to Run Privileged Tasks.
[   17.171070] cloud-init[1045]: ci-info: | Route | Destination | Gateway | Interface | Flags |
[   17.177529] cloud-init[1045]: ci-info: +-------+-------------+---------+-----------+-------+
[   17.177723] cloud-init[1045]: ci-info: |   0   |  fe80::/64  |    ::   |   enp0s3  |   U   |
[   17.177976] cloud-init[1045]: ci-info: |   3   |   ff00::/8  |    ::   |   enp0s3  |   U   |
[[0;32m  OK  [0m] Started Accounts Service.
[   17.184159] cloud-init[1045]: ci-info: +-------+-------------+---------+-----------+-------+
[[0;1;31mFAILED[0m] Failed to mount /vagrant.
See 'systemctl status vagrant.mount' for details.
[[0;1;33mDEPEND[0m] Dependency failed for Remote File Systems.
         Starting LSB: daemon to balance interrupts for SMP systems...
         Starting LSB: automatic crash report generation...
         Starting LSB: Apache2 web server...
         Starting Permit User Sessions...
         Starting LSB: Set the CPU Frequency Scaling governor to "ondemand"...
[[0;32m  OK  [0m] Started Permit User Sessions.
         Starting Terminate Plymouth Boot Screen...
         Starting Hold until boot process finishes up...
[[0;32m  OK  [0m] Started Hold until boot process finishes up.
         Starting Set console scheme...
[[0;32m  OK  [0m] Started Getty on tty1.
[[0;32m  OK  [0m] Started Serial Getty on ttyS0.
[[0;32m  OK  [0m] Reached target Login Prompts.
[[0;32m  OK  [0m] Started Terminate Plymouth Boot Screen.
[[0;32m  OK  [0m] Started Set console scheme.
[[0;32m  OK  [0m] Started LSB: daemon to balance interrupts for SMP systems.
[[0;32m  OK  [0m] Started LSB: Set the CPU Frequency Scaling governor to "ondemand".
[[0;32m  OK  [0m] Started LSB: automatic crash report generation.
[[0;32m  OK  [0m] Started Virtualbox guest utils.
         Starting Message of the Day...
[[0;32m  OK  [0m] Started Message of the Day.
[[0;32m  OK  [0m] Started LSB: Apache2 web server.
[[0;32m  OK  [0m] Started Snap Daemon.
         Starting Wait until snapd is fully seeded...
[[0;32m  OK  [0m] Started Wait until snapd is fully seeded.
         Starting Apply the settings specified in cloud-config...
[[0;32m  OK  [0m] Reached target Multi-User System.
[[0;32m  OK  [0m] Reached target Graphical Interface.
         Starting Update UTMP about System Runlevel Changes...
[[0;32m  OK  [0m] Started Update UTMP about System Runlevel Changes.
[   18.256657] cloud-init[1394]: Cloud-init v. 21.1-19-gbad84ad4-0ubuntu1~16.04.2 running 'modules:config' at Mon, 13 Mar 2023 13:21:30 +0000. Up 18.13 seconds.
[[0;32m  OK  [0m] Started Apply the settings specified in cloud-config.
         Starting Execute cloud user/final scripts...
[   18.613715] cloud-init[1407]: Cloud-init v. 21.1-19-gbad84ad4-0ubuntu1~16.04.2 running 'modules:final' at Mon, 13 Mar 2023 13:21:30 +0000. Up 18.52 seconds.
[   18.622504] cloud-init[1407]: Cloud-init v. 21.1-19-gbad84ad4-0ubuntu1~16.04.2 finished at Mon, 13 Mar 2023 13:21:30 +0000. Datasource DataSourceNoCloud [seed=/dev/sdb][dsmode=net].  Up 18.60 seconds
[[0;32m  OK  [0m] Started Execute cloud user/final scripts.
         Starting Daily apt download activities...
[[0;32m  OK  [0m] Reached target Cloud-init target.

Ubuntu 16.04.7 LTS ubuntu-xenial ttyS0

ubuntu-xenial login: 